-----------------------------------------------------------------------------------------------------------------------------------------------------------------------------------------------------------------
      name:  <unnamed>
       log:  C:\Users\Lian Cataytay\Desktop\Work\Ralph\Data\diagnostics_models.log
  log type:  text
 opened on:  28 Mar 2026, 13:52:03

. 
. foreach m of local models {
  2.     di _n "=============================="
  3.     di "Diagnostics for `m'"
  4.     di "=============================="
  5.     estimates restore `m'
  6. 
.     * Serial correlation: Breusch–Godfrey LM (lags 1 and 2)
.     estat bgodfrey, lags(1/2)
  7. 
.     * Heteroskedasticity: Breusch–Pagan
.     estat hettest
  8. 
.     * Functional form: Ramsey RESET
.     estat ovtest
  9. }

==============================
Diagnostics for M1levels
==============================
(results M1levels are active now)

Breusch–Godfrey LM test for autocorrelation
---------------------------------------------------------------------------
    lags(p)  |          chi2               df                 Prob > chi2
-------------+-------------------------------------------------------------
       1     |          0.049               1                   0.8254
       2     |          2.309               2                   0.3152
---------------------------------------------------------------------------
                        H0: no serial correlation

Breusch–Pagan/Cook–Weisberg test for heteroskedasticity 
Assumption: Normal error terms
Variable: Fitted values of D.lnM

H0: Constant variance

    chi2(1) =  25.73
Prob > chi2 = 0.0000

Ramsey RESET test for omitted variables
Omitted: Powers of fitted values of D.lnM

H0: Model has no omitted variables

F(3, 30) =  37.93
Prob > F = 0.0000

==============================
Diagnostics for M2levels
==============================
(results M2levels are active now)

Breusch–Godfrey LM test for autocorrelation
---------------------------------------------------------------------------
    lags(p)  |          chi2               df                 Prob > chi2
-------------+-------------------------------------------------------------
       1     |          0.252               1                   0.6158
       2     |          3.527               2                   0.1714
---------------------------------------------------------------------------
                        H0: no serial correlation

Breusch–Pagan/Cook–Weisberg test for heteroskedasticity 
Assumption: Normal error terms
Variable: Fitted values of D.lnM

H0: Constant variance

    chi2(1) =  29.13
Prob > chi2 = 0.0000

Ramsey RESET test for omitted variables
Omitted: Powers of fitted values of D.lnM

H0: Model has no omitted variables

F(3, 27) =  29.20
Prob > F = 0.0000

==============================
Diagnostics for M3levels
==============================
(results M3levels are active now)

Breusch–Godfrey LM test for autocorrelation
---------------------------------------------------------------------------
    lags(p)  |          chi2               df                 Prob > chi2
-------------+-------------------------------------------------------------
       1     |          0.678               1                   0.4103
       2     |          1.983               2                   0.3711
---------------------------------------------------------------------------
                        H0: no serial correlation

Breusch–Pagan/Cook–Weisberg test for heteroskedasticity 
Assumption: Normal error terms
Variable: Fitted values of D.lnM

H0: Constant variance

    chi2(1) =  37.48
Prob > chi2 = 0.0000

Ramsey RESET test for omitted variables
Omitted: Powers of fitted values of D.lnM

H0: Model has no omitted variables

F(3, 31) =   1.29
Prob > F = 0.2941

==============================
Diagnostics for M4levels
==============================
(results M4levels are active now)

Breusch–Godfrey LM test for autocorrelation
---------------------------------------------------------------------------
    lags(p)  |          chi2               df                 Prob > chi2
-------------+-------------------------------------------------------------
       1     |          0.586               1                   0.4440
       2     |          3.625               2                   0.1632
---------------------------------------------------------------------------
                        H0: no serial correlation

Breusch–Pagan/Cook–Weisberg test for heteroskedasticity 
Assumption: Normal error terms
Variable: Fitted values of D.lnM

H0: Constant variance

    chi2(1) =  19.92
Prob > chi2 = 0.0000

Ramsey RESET test for omitted variables
Omitted: Powers of fitted values of D.lnM

H0: Model has no omitted variables

F(3, 28) =  24.26
Prob > F = 0.0000

==============================
Diagnostics for M5levels
==============================
(results M5levels are active now)

Breusch–Godfrey LM test for autocorrelation
---------------------------------------------------------------------------
    lags(p)  |          chi2               df                 Prob > chi2
-------------+-------------------------------------------------------------
       1     |          0.070               1                   0.7913
       2     |          0.625               2                   0.7315
---------------------------------------------------------------------------
                        H0: no serial correlation

Breusch–Pagan/Cook–Weisberg test for heteroskedasticity 
Assumption: Normal error terms
Variable: Fitted values of D.lnM

H0: Constant variance

    chi2(1) =  22.02
Prob > chi2 = 0.0000

Ramsey RESET test for omitted variables
Omitted: Powers of fitted values of D.lnM

H0: Model has no omitted variables

F(3, 29) =  32.55
Prob > F = 0.0000

==============================
Diagnostics for M7levels
==============================
(results M7levels are active now)

Breusch–Godfrey LM test for autocorrelation
---------------------------------------------------------------------------
    lags(p)  |          chi2               df                 Prob > chi2
-------------+-------------------------------------------------------------
       1     |          0.435               1                   0.5094
       2     |          1.630               2                   0.4426
---------------------------------------------------------------------------
                        H0: no serial correlation

Breusch–Pagan/Cook–Weisberg test for heteroskedasticity 
Assumption: Normal error terms
Variable: Fitted values of D.lnM

H0: Constant variance

    chi2(1) =   0.00
Prob > chi2 = 0.9973

Ramsey RESET test for omitted variables
Omitted: Powers of fitted values of D.lnM

H0: Model has no omitted variables

F(3, 28) =   3.04
Prob > F = 0.0455

. 
. log close
      name:  <unnamed>
       log:  C:\Users\Lian Cataytay\Desktop\Work\Ralph\Data\diagnostics_models.log
  log type:  text
 closed on:  28 Mar 2026, 13:52:04
-----------------------------------------------------------------------------------------------------------------------------------------------------------------------------------------------------------------
